------------------------------------------------------------------------------------------------------------------------
      name:  <unnamed>
       log:  C:\Users\krist\OneDrive - Syracuse University\Documents\GitHub\course-project-tariffs\Do files\TariffsTimes
> eries.log
  log type:  text
 opened on:  16 Dec 2025, 16:25:45

. 
end of do-file

. do "C:\Users\krist\AppData\Local\Temp\STD5acc_000000.tmp"

. cd "C:\Users\krist\OneDrive - Syracuse University\Documents\GitHub\course-project-tariffs\Data files"  
C:\Users\krist\OneDrive - Syracuse University\Documents\GitHub\course-project-tariffs\Data files

. 
end of do-file

. do "C:\Users\krist\AppData\Local\Temp\STD5acc_000000.tmp"

. *run this command to import the first excel data to stata
. import excel "TariffPTaxRev.xlsx", sheet("Country-Timeseries") firstrow clear

. *to save the first data excel file as a dta
. save "TariffsTimeseries1.dta",replace
file TariffsTimeseries1.dta saved

. clear

. 
. *import excel file 2
. import excel "ExportPGDP.xlsx", sheet("Country-Timeseries") firstrow clear

. save "TariffsTimeseries2.dta",replace
file TariffsTimeseries2.dta saved

. clear

. 
. *import excel file 3
. import excel "ImportPGDP.xlsx", sheet("Country-Timeseries") firstrow clear

. *save as dta
. save "TariffsTimeseries3.dta",replace
file TariffsTimeseries3.dta saved

. clear

. 
. *import excel file 4
. import excel "ImportValue.xlsx", sheet("Country-Timeseries") firstrow clear

. *save as dta
. save "TariffsTimeseries4.dta",replace
file TariffsTimeseries4.dta saved

. clear

. 
. *import excel file 5
. import excel "DomesticTaxRev.xlsx", sheet("Country-Timeseries") firstrow clear

. *save as dta
. save "TariffsTimeseries5.dta",replace
file TariffsTimeseries5.dta saved

. clear

. 
. *import excel file 6
. import excel "InternationalTaxRev.xlsx", sheet("Country-Timeseries") firstrow clear

. *save as dta
. save "TariffsTimeseries6.dta",replace
file TariffsTimeseries6.dta saved

. clear

. *import excel file 7
. import excel "GDP(Current USD).xlsx" , sheet("Country-Timeseries") firstrow clear

. *save as dta 
. save "TariffsTimeseries7.dta",replace
file TariffsTimeseries7.dta saved

. 
. *we just finished saving the files as dta so now we can begin merging them
. *now we use the one of the dta files we just created
. use "TariffsTimeseries1.dta"

. append using "TariffsTimeseries2.dta"

. append using "TariffsTimeseries3.dta"

. append using "TariffsTimeseries4.dta"

. append using "TariffsTimeseries5.dta"

. append using "TariffsTimeseries6.dta"

. append using "TariffsTimeseries7.dta"

. 
. *we just finished merging all the excel files into the same dta file.
. save "TariffsTimeseries.dta", replace
file TariffsTimeseries.dta saved

. 
. *now use the file we just created
. *Removing the years not included in 2001-2020
. drop C

. drop D

. drop E

. drop F

. drop G

. drop H

. drop I

. drop J

. drop K

. drop L

. drop M

. drop N

. drop O

. drop AJ

. drop AK

. 
. *get rid of the countries we dont need 
. keep if CountryName == "United States" | CountryName == "Australia" | CountryName == "France" | CountryName == "Israel
> " | CountryName == "Korea, Rep." | CountryName == "Norway" | CountryName == "Switzerland" | CountryName =="Ireland" | 
> CountryName == "Canada" | CountryName == "New Zealand" | CountryName == "Belgium"
(0 observations deleted)

. 
. * Remaning letter variables to years (yr)
. rename P yr01

. rename Q yr02

. rename R yr03

. rename S yr04

. rename T yr05

. rename U yr06

. rename V yr07

. rename W yr08

. rename X yr09

. rename Y yr010

. rename Z yr011

. rename AA yr012

. rename AB yr013

. rename AC yr014

. rename AD yr015

. rename AE yr016

. rename AF yr017

. rename AG yr018

. rename AH yr019

. rename AI yr020

. 
. *transforming "year" into a singular variable observing the years 2001-2020
. reshape long yr0, i(CountryName IndicatorName) j(year)
(note: j = 1 2 3 4 5 6 7 8 9 10 11 12 13 14 15 16 17 18 19 20)

Data                               wide   ->   long
-----------------------------------------------------------------------------
Number of obs.                        7   ->     140
Number of variables                  23   ->       5
j variable (20 values)                    ->   year
xij variables:
                    yr01 yr02 ... yr020   ->   yr0
-----------------------------------------------------------------------------

. rename yr0 value

. replace year = year + 2000
variable year was byte now int
(140 real changes made)

. 
. *reshaping individual indicators as variables 
. encode IndicatorName, gen(IndicatorID)

. drop IndicatorName

. reshape wide value, i(year CountryName) j(IndicatorID)
(note: j = 1 2 3 4 5 6 7)
variable AL not constant within year CountryName
    Your data are currently long.  You are performing a reshape wide.  You typed something like

        . reshape wide a b, i(year CountryName) j(IndicatorID)

    There are variables other than a, b, year CountryName, IndicatorID in your data.  They must be constant within
    year CountryName because that is the only way they can fit into wide data without loss of information.

    The variable or variables listed above are not constant within year CountryName.  Perhaps the values are in error.
    Type reshape error for a list of the problem observations.

    Either that, or the values vary because they should vary, in which case you must either add the variables to the
    list of xij variables to be reshaped, or drop them.
r(9);

end of do-file

r(9);

. log close
      name:  <unnamed>
       log:  C:\Users\krist\OneDrive - Syracuse University\Documents\GitHub\course-project-tariffs\Do files\TariffsTimes
> eries.log
  log type:  text
 closed on:  16 Dec 2025, 16:30:01
------------------------------------------------------------------------------------------------------------------------
